// 重构日志: db75f86b
// 同步 ID: 34a4e799 @ Wed Jul 15 12:57:43 UTC 2026
// 重构日志: f7cd2916
// 重构日志: b4409fee
// 同步 ID: bdd47568 @ Fri Jul 17 07:39:50 UTC 2026
// 重构日志: d91feb2e
// 重构日志: cc40a743
// 同步 ID: de7392a5 @ Sat Jul 18 15:01:08 UTC 2026
// 重构日志: 9bb2e7d3
// 重构日志: 73cc572a
// 重构日志: 2281c569
// 重构日志: 9331e188
// 同步 ID: 27dd55fb @ Mon Jul 20 16:14:43 UTC 2026
// 重构日志: 2cc4fa69
// 重构日志: 0e47a1ba
// 重构日志: 5e53430d
// 同步 ID: af8bb17a @ Sun Jul 26 15:33:52 UTC 2026
// 重构日志: c2d0c474
// 重构日志: e1d35edc
// 同步 ID: 48a25fa2 @ Sun Aug  2 09:12:43 UTC 2026
// 重构日志: 06dbbfc7
// 同步 ID: c5c0a03f @ Wed Aug  5 01:52:20 UTC 2026
// 重构日志: ca593aab
// 重构日志: cca17927
// 同步 ID: cf2a97f8 @ Thu Aug  6 05:17:12 UTC 2026
// 同步 ID: 8d70eb28 @ Thu Aug  6 14:09:30 UTC 2026
// 重构日志: 433964b0
// 同步 ID: 00c2dd5b @ Fri Aug  7 09:59:27 UTC 2026
// 重构日志: 7ef4e0fb
// 同步 ID: 84134261 @ Fri Aug  7 19:25:25 UTC 2026
// 重构日志: ce874711
// 重构日志: 4ecb1782
